#-----------------------------------------------------------
# Vivado v2018.2 (64-bit)
# SW Build 2258646 on Thu Jun 14 20:02:38 MDT 2018
# IP Build 2256618 on Thu Jun 14 22:10:49 MDT 2018
# Start of session at: Sun Nov  1 20:06:06 2020
# Process ID: 21071
# Current directory: /home/ubuntu/work/ic/gcd/euclid
# Command line: vivado euclid.xpr
# Log file: /home/ubuntu/work/ic/gcd/euclid/vivado.log
# Journal file: /home/ubuntu/work/ic/gcd/euclid/vivado.jou
#-----------------------------------------------------------
start_gui
open_project euclid.xpr
update_compile_order -fileset sources_1
open_run synth_1 -name synth_1
report_timing_summary -delay_type min_max -report_unconstrained -check_timing_verbose -max_paths 10 -input_pins -routable_nets -name timing_1
reset_run synth_1
launch_runs synth_1 -jobs 4
wait_on_run synth_1
close_design
open_run synth_1 -name synth_1
report_timing_summary -delay_type min_max -report_unconstrained -check_timing_verbose -max_paths 10 -input_pins -routable_nets -name timing_1
